Drill report for Gas_Leak_&_Temp_Alert_System.kicad_pcb
Created on 2026-05-24T19:00:46

Copper Layer Stackup:
    =============================================================
    L1 :  F.Cu                      front
    L2 :  B.Cu                      back


Drill file 'Gas_Leak_&_Temp_Alert_System-PTH-drl.gbr' contains
    plated through holes:
    =============================================================
    T1  0.300mm  0.0118"  (6 holes))
    T2  0.650mm  0.0256"  (6 holes))
    T3  0.700mm  0.0276"  (2 holes))
    T4  0.800mm  0.0315"  (2 holes))
    T5  0.900mm  0.0354"  (2 holes))
    T6  1.000mm  0.0394"  (8 holes))

    Total plated holes count 26


Drill file 'Gas_Leak_&_Temp_Alert_System-NPTH-drl.gbr' contains
    unplated through holes:
    =============================================================

    Total unplated holes count 0
