Drill report for 5V_Voltage_Stabilizer.kicad_pcb
Created on 2026-05-18T15:14:05

Copper Layer Stackup:
    =============================================================
    L1 :  F.Cu                      front
    L2 :  B.Cu                      back


Drill file '5V_Voltage_Stabilizer-PTH-drl.gbr' contains
    plated through holes:
    =============================================================
    T1  0.800mm  0.0315"  (8 holes))
    T2  0.900mm  0.0354"  (2 holes))
    T3  1.000mm  0.0394"  (6 holes)  (with 4 slots)
    T4  1.100mm  0.0433"  (5 holes))
    T5  1.300mm  0.0512"  (2 holes))

    Total plated holes count 23


Drill file '5V_Voltage_Stabilizer-NPTH-drl.gbr' contains
    unplated through holes:
    =============================================================
    T1  1.600mm  0.0630"  (1 hole)

    Total unplated holes count 1
